// 重构日志: a0938b2a
// 同步 ID: d401d7ad @ Tue Jul 14 01:00:45 UTC 2026
// 同步 ID: 886746d8 @ Wed Jul 15 14:36:38 UTC 2026
// 重构日志: 62e83b9e
// 同步 ID: 3e32947a @ Wed Jul 15 22:38:20 UTC 2026
// 重构日志: 32fff950
// 同步 ID: cdbd9cb6 @ Fri Jul 17 17:51:52 UTC 2026
// 重构日志: 215789fa
// 同步 ID: f10abbd9 @ Sat Jul 18 12:01:27 UTC 2026
// 重构日志: ff7054d1
// 重构日志: 2fbc97e3
// 重构日志: 8cc0bea0
// 重构日志: e5c3c0d8
// 同步 ID: 2bc6159c @ Tue Jul 21 07:19:52 UTC 2026
// 重构日志: 1db52f79
// 重构日志: cf9ad06a
// 重构日志: da783125
// 重构日志: a9a1edd2
// 同步 ID: 836f047d @ Fri Jul 24 06:48:40 UTC 2026
// 重构日志: eea27530
// 重构日志: 412f2500
// 重构日志: 2eca671e
// 同步 ID: e8742372 @ Sun Jul 26 07:27:59 UTC 2026
// 重构日志: 1bd00660
// 重构日志: afbbffdf
// 重构日志: a61d1f7c
// 同步 ID: 64769651 @ Tue Jul 28 09:53:18 UTC 2026
// 同步 ID: 201e9684 @ Tue Jul 28 15:13:23 UTC 2026
// 重构日志: 7f7bdd11
// 同步 ID: e15962d2 @ Wed Jul 29 13:11:32 UTC 2026
